// Jest Snapshot v1, https://goo.gl/fbAQLP

exports[`Button Component should be render match to snapshot 1`] = `
<div>
  <button
    class="font-semibold hover:brightness-90 w-40 h-9 bg-primary text-white"
  >
    Click me
  </button>
</div>
`;
