// Jest Snapshot v1, https://goo.gl/fbAQLP

exports[`should render match to snapshot 1`] = `
<div>
  <div
    class="mt-3 relative"
  >
    <div
      class="flex justify-center"
    >
      <img
        alt="Bob"
        class="object-cover font-bold w-avatar-lg h-avatar-lg text-8xl"
        data-testid="avatar"
        src="assets/images/mock-image.jpg"
      />
    </div>
    <div
      class="my-5 mx-4 h-modal-md"
    >
      <p>
        Members 
        (3)
      </p>
      <div
        class="h-modal-md overflow-y-auto scrollbar"
      >
        <div>
          <div
            class="flex items-center justify-between hover:bg-blue-50 w-full"
          >
            <div
              class="text-sm px-3 w-20 flex items-center gap-3 w-full h-item"
            >
              <div
                class="relative"
              >
                <div
                  class="text-primary bg-gray-300 flex items-center justify-center font-semibold rounded-full my-0 mx-auto w-avatar-sm h-avatar-sm text-lg"
                  data-testid="avatar"
                >
                  A
                </div>
                <svg
                  aria-hidden="true"
                  class="svg-inline--fa fa-circle absolute text-gray-400 border-xs border-white rounded-full top-6 left-7 text-green-500"
                  data-icon="circle"
                  data-prefix="fas"
                  focusable="false"
                  role="img"
                  viewBox="0 0 512 512"
                  xmlns="http://www.w3.org/2000/svg"
                >
                  <path
                    d="M256 512A256 256 0 1 0 256 0a256 256 0 1 0 0 512z"
                    fill="currentColor"
                  />
                </svg>
              </div>
              <div
                class="flex flex-col truncate"
              >
                <p>
                  Alice
                   
                  <span
                    class="text-green-600"
                  >
                    (You)
                  </span>
                </p>
              </div>
            </div>
          </div>
          <div
            class="flex items-center"
          >
            <div
              class="border-b border-gray-300 w-full"
            />
            <div
              class="border-b border-gray-300 w-full"
            />
          </div>
        </div>
        <div>
          <div
            class="flex items-center justify-between hover:bg-blue-50 w-full"
          >
            <div
              class="text-sm px-3 w-20 flex items-center gap-3 w-full h-item"
            >
              <div
                class="relative"
              >
                <img
                  alt="Bob"
                  class="object-cover font-bold rounded-full my-0 mx-auto w-avatar-sm h-avatar-sm text-lg"
                  data-testid="avatar"
                  src="assets/images/mock-image.jpg"
                />
                <svg
                  aria-hidden="true"
                  class="svg-inline--fa fa-circle absolute text-gray-400 border-xs border-white rounded-full top-6 left-7 text-green-500"
                  data-icon="circle"
                  data-prefix="fas"
                  focusable="false"
                  role="img"
                  viewBox="0 0 512 512"
                  xmlns="http://www.w3.org/2000/svg"
                >
                  <path
                    d="M256 512A256 256 0 1 0 256 0a256 256 0 1 0 0 512z"
                    fill="currentColor"
                  />
                </svg>
              </div>
              <div
                class="flex flex-col truncate"
              >
                <p>
                  Bob
                   
                </p>
              </div>
            </div>
          </div>
          <div
            class="flex items-center"
          >
            <div
              class="border-b border-gray-300 w-full"
            />
            <div
              class="border-b border-gray-300 w-full"
            />
          </div>
        </div>
        <div>
          <div
            class="flex items-center justify-between hover:bg-blue-50 w-full"
          >
            <div
              class="text-sm px-3 w-20 flex items-center gap-3 w-full h-item"
            >
              <div
                class="relative"
              >
                <div
                  class="text-primary bg-gray-300 flex items-center justify-center font-semibold rounded-full my-0 mx-auto w-avatar-sm h-avatar-sm text-lg"
                  data-testid="avatar"
                >
                  C
                </div>
                <svg
                  aria-hidden="true"
                  class="svg-inline--fa fa-circle absolute text-gray-400 border-xs border-white rounded-full top-6 left-7"
                  data-icon="circle"
                  data-prefix="fas"
                  focusable="false"
                  role="img"
                  viewBox="0 0 512 512"
                  xmlns="http://www.w3.org/2000/svg"
                >
                  <path
                    d="M256 512A256 256 0 1 0 256 0a256 256 0 1 0 0 512z"
                    fill="currentColor"
                  />
                </svg>
              </div>
              <div
                class="flex flex-col truncate"
              >
                <p>
                  Charlie
                   
                </p>
              </div>
            </div>
          </div>
          <div
            class="flex items-center"
          >
            <div
              class="border-b border-gray-300 w-full"
            />
            <div
              class="border-b border-gray-300 w-full"
            />
          </div>
        </div>
      </div>
    </div>
  </div>
</div>
`;
